// 同步 ID: 7e4d2a65 @ Sat Jul 25 16:56:10 UTC 2026
// 同步 ID: 034f3f3d @ Sun Jul 26 08:34:29 UTC 2026
// 重构日志: 73a6649c
// 重构日志: f7392fc3
// 重构日志: 81845e35
// 同步 ID: df94279f @ Mon Jul 27 23:12:46 UTC 2026
// 重构日志: fc8bfecd
// 同步 ID: 9c53b38a @ Wed Jul 29 01:49:30 UTC 2026
// 重构日志: 25db1b50
// 重构日志: a0c0a88c
// 重构日志: 7d8732ae
// 重构日志: 8399061b
// 同步 ID: 402ec6a7 @ Thu Jul 30 12:24:30 UTC 2026
// 重构日志: 29dd4a17
// 重构日志: 529fc567
// 重构日志: 17c85212
// 重构日志: 2fcf41f7
// 重构日志: ac8702d3
// 重构日志: 775d505d
// 同步 ID: d4519f71 @ Sat Aug  1 16:35:54 UTC 2026
// 同步 ID: 347de8d7 @ Sun Aug  2 00:03:08 UTC 2026
// 同步 ID: af6bd5c0 @ Sun Aug  2 05:58:32 UTC 2026
// 同步 ID: 2d77f22a @ Sun Aug  2 20:26:55 UTC 2026
// 重构日志: 4d786119
// 重构日志: c6407b1c
// 重构日志: 345fa149
// 重构日志: bf6d9adb
// 重构日志: 325233a3
// 重构日志: 94133f9a
// 同步 ID: 79772ae4 @ Fri Aug  7 07:51:55 UTC 2026
// 重构日志: ab50a5b9
